 gcc -g p4final.c
 gdb a.out
GNU gdb (Ubuntu 8.1.1-0ubuntu1) 8.1.1
Copyright (C) 2018 Free Software Foundation, Inc.
License GPLv3+: GNU GPL version 3 or later <http://gnu.org/licenses/gpl.html>
This is free software: you are free to change and redistribute it.
There is NO WARRANTY, to the extent permitted by law.  Type "show copying"
and "show warranty" for details.
This GDB was configured as "x86_64-linux-gnu".
Type "show configuration" for configuration details.
For bug reporting instructions, please see:
<http://www.gnu.org/software/gdb/bugs/>.
Find the GDB manual and other documentation resources online at:
<http://www.gnu.org/software/gdb/documentation/>.
For help, type "help".
Type "apropos word" to search for commands related to "word"...
Reading symbols from a.out...done.
(gdb) b main
Breakpoint 1 at 0x775: file p4final.c, line 4.
 pwd
/home/runner/Test3Session2-7
 gcc -g p4final.c
 gdb a.out
GNU gdb (Ubuntu 8.1.1-0ubuntu1) 8.1.1
Copyright (C) 2018 Free Software Foundation, Inc.
License GPLv3+: GNU GPL version 3 or later <http://gnu.org/licenses/gpl.html>
This is free software: you are free to change and redistribute it.
There is NO WARRANTY, to the extent permitted by law.  Type "show copying"
and "show warranty" for details.
This GDB was configured as "x86_64-linux-gnu".
Type "show configuration" for configuration details.
For bug reporting instructions, please see:
<http://www.gnu.org/software/gdb/bugs/>.
Find the GDB manual and other documentation resources online at:
<http://www.gnu.org/software/gdb/documentation/>.
For help, type "help".
Type "apropos word" to search for commands related to "word"...
Reading symbols from a.out...done.
(gdb) b main
Breakpoint 1 at 0x775: file p4final.c, line 4.
(gdb) r
Starting program: /home/runner/Test3Session2-7/a.out 
warning: Error disabling address space randomization: Operation not permitted

Breakpoint 1, main () at p4final.c:4
4   {
(gdb) n
5        float a[100],sum=0,x;
(gdb) n
8        printf("\nEnter degree of the polynomial X :: ");
(gdb) n

9        scanf("%d",&n);
(gdb) n
Enter degree of the polynomial X :: 2
10       printf("\nEnter coefficient's of the polynomial X :: \n");
(gdb) n

Enter coefficient's of the polynomial X :: 
11       for(i=n;i>=0;i--)
(gdb) n
13              printf("\nEnter Coefficient of [ X^%d ] :: ",i);
(gdb) n

14              scanf("%f",&a[i]);
(gdb) n
Enter Coefficient of [ X^2 ] :: 2
11       for(i=n;i>=0;i--)
(gdb) n
13              printf("\nEnter Coefficient of [ X^%d ] :: ",i);
(gdb) n

14              scanf("%f",&a[i]);
(gdb) n
Enter Coefficient of [ X^1 ] :: 1
11       for(i=n;i>=0;i--)
(gdb) n
13              printf("\nEnter Coefficient of [ X^%d ] :: ",i);
(gdb) n

14              scanf("%f",&a[i]);
(gdb) n
Enter Coefficient of [ X^0 ] :: 1
11       for(i=n;i>=0;i--)
(gdb) n
17       printf("\nEnter the value of X :: ");
(gdb) n

18       scanf("%f",&x);
(gdb) n
Enter the value of X :: 1
20       for(i=n;i>0;i--)
(gdb) n
22          sum=(sum+a[i])*x;
(gdb) n
20       for(i=n;i>0;i--)
(gdb) n
22          sum=(sum+a[i])*x;
(gdb) n
20       for(i=n;i>0;i--)
(gdb) n
25       sum=sum+a[0];
(gdb) n
27       printf("\nValue of the polynomial is = [ %f ]\n",sum);
(gdb) n

Value of the polynomial is = [ 4.000000 ]
29       return 0;
(gdb) n
30  }(gdb)
